// Jest Snapshot v1, https://goo.gl/fbAQLP

exports[`Container should render properly 1`] = `
<div
  className={undefined}
>
  <div>
    Container
  </div>
</div>
`;
