// Jest Snapshot v1, https://goo.gl/fbAQLP

exports[`Button should render as link element <a> 1`] = `
<a
  className=""
  href="http://foobar.com"
  onClick={[Function]}
>
  link
</a>
`;

exports[`Button should render properly 1`] = `
<button
  className="undefined undefined undefined"
  onClick={[Function]}
>
  Button
</button>
`;
